[debug] [2026-10-03T13:19:49.103Z] ----------------------------------------------------------------------
[debug] [2026-10-03T13:19:49.105Z] Command:       /usr/local/bin/node /Users/ridhamgupta805gmail.com/.npm/_npx/ba4f1959e38407b5/node_modules/.bin/firebase init dataconnect --project demo-no-project
[debug] [2026-10-03T13:19:49.105Z] CLI Version:   15.32.1
[debug] [2026-10-03T13:19:49.105Z] Platform:      darwin
[debug] [2026-10-03T13:19:49.105Z] Node Version:  v24.13.0
[debug] [2026-10-03T13:19:49.105Z] Detected Agent: unknown
[debug] [2026-10-03T13:19:49.105Z] Time:          Sat Oct 03 2026 18:49:49 GMT+0530 (India Standard Time)
[debug] [2026-10-03T13:19:49.105Z] ----------------------------------------------------------------------
[debug] 
[debug] [2026-10-03T13:19:49.116Z] >>> [apiv2][query] GET https://firebase-public.firebaseio.com/cli.json [none]
[info] 
     ######## #### ########  ######## ########     ###     ######  ########
     ##        ##  ##     ## ##       ##     ##  ##   ##  ##       ##
     ######    ##  ########  ######   ########  #########  ######  ######
     ##        ##  ##    ##  ##       ##     ## ##     ##       ## ##
     ##       #### ##     ## ######## ########  ##     ##  ######  ########

You're about to initialize a Firebase project in this directory:

  /Users/ridhamgupta805gmail.com/Documents/Todo Assignment/job-portal-ai

[info] 
=== Project Setup
[info] 
[info] First, let's associate this project directory with a Firebase project.
[info] You can create multiple project aliases by running firebase use --add, 
[info] 
[info] Skipping Firebase project setup because a demo project is provided
[info] 
=== Dataconnect Setup
[info] ✔  dataconnect: Detected existing apps . (web) 
[info] ✔  Wrote dataconnect/dataconnect.yaml 
[info] ✔  Wrote dataconnect/seed_data.gql 
[info] ✔  Wrote dataconnect/schema/schema.gql 
[info] ✔  Wrote dataconnect/example/connector.yaml 
[info] ✔  Wrote dataconnect/example/queries.gql 
[info] ✔  Wrote dataconnect/example/mutations.gql 
[info] ✔  Wrote dataconnect/example/connector.yaml 
[info] i  dataconnect: Installing the generated SDKs ... 
[info] i  dataconnect: downloading dataconnect-emulator-3.4.22... {"metadata":{"emulator":{"name":"dataconnect"},"message":"downloading dataconnect-emulator-3.4.22..."}}
[debug] [2026-10-03T13:19:49.799Z] >>> [apiv2][query] GET https://storage.googleapis.com/firemat-preview-drop/emulator/dataconnect-emulator-macos-arm64-v3.4.22 
[debug] [2026-10-03T13:19:51.856Z] <<< [apiv2][status] GET https://storage.googleapis.com/firemat-preview-drop/emulator/dataconnect-emulator-macos-arm64-v3.4.22 200
[debug] [2026-10-03T13:19:51.857Z] <<< [apiv2][body] GET https://storage.googleapis.com/firemat-preview-drop/emulator/dataconnect-emulator-macos-arm64-v3.4.22 [stream]
[debug] [2026-10-03T13:19:52.015Z] <<< [apiv2][status] GET https://firebase-public.firebaseio.com/cli.json 200
[debug] [2026-10-03T13:19:52.015Z] <<< [apiv2][body] GET https://firebase-public.firebaseio.com/cli.json {"cloudBuildErrorAfter":1594252800000,"cloudBuildWarnAfter":1590019200000,"defaultNode10After":1594252800000,"minVersion":"3.0.5","node8DeploysDisabledAfter":1613390400000,"node8RuntimeDisabledAfter":1615809600000,"node8WarnAfter":1600128000000}
[info] i  dataconnect: Removing outdated emulator files: dataconnect-emulator-3.4.16 {"metadata":{"emulator":{"name":"dataconnect"},"message":"Removing outdated emulator files: dataconnect-emulator-3.4.16"}}
[debug] [2026-10-03T13:20:26.687Z] defaultcredentials: writing to file /Users/ridhamgupta805gmail.com/.config/firebase/ridham_gupta.programming_gmail.com_application_default_credentials.json
[info] ✔  dataconnect: Installed generated SDKs for . (web) 
[info] i  Visit https://firebase.google.com/docs/data-connect/web-sdk#react for more information on how to set up React Generated SDKs for Firebase SQL Connect 
[info] 
=== Agent Skills Setup
[info] If you are using an AI coding agent, Firebase Agent Skills make it an expert at Firebase.
